// Vitest Snapshot v1, https://vitest.dev/guide/snapshot.html

exports[`Keimenon shell bars snapshots > matches app bar (header) snapshot 1`] = `
<header
  class="h-14 border-b border-slate-800 bg-slate-950/95 backdrop-blur-sm flex items-center justify-between px-4 z-50"
>
  <div
    class="flex items-center gap-2 text-sm"
  >
    <span
      class="text-slate-400"
    >
      Workspace
    </span>
    <svg
      class="lucide lucide-chevron-right w-4 h-4 text-slate-600"
      fill="none"
      height="24"
      stroke="currentColor"
      stroke-linecap="round"
      stroke-linejoin="round"
      stroke-width="2"
      viewBox="0 0 24 24"
      width="24"
      xmlns="http://www.w3.org/2000/svg"
    >
      <path
        d="m9 18 6-6-6-6"
      />
    </svg>
    <span
      class="text-white font-medium"
    >
      Default Board
    </span>
    <svg
      class="lucide lucide-chevron-right w-4 h-4 text-slate-600"
      fill="none"
      height="24"
      stroke="currentColor"
      stroke-linecap="round"
      stroke-linejoin="round"
      stroke-width="2"
      viewBox="0 0 24 24"
      width="24"
      xmlns="http://www.w3.org/2000/svg"
    >
      <path
        d="m9 18 6-6-6-6"
      />
    </svg>
    <span
      class="text-slate-400"
    >
      2D View
    </span>
  </div>
  <div
    class="flex-1 max-w-md mx-4"
  >
    <button
      class="w-full px-4 py-2 bg-slate-900 hover:bg-slate-800 border border-slate-700 rounded-lg flex items-center gap-2 text-sm text-slate-400 transition-colors"
    >
      <svg
        class="lucide lucide-search w-4 h-4"
        fill="none"
        height="24"
        stroke="currentColor"
        stroke-linecap="round"
        stroke-linejoin="round"
        stroke-width="2"
        viewBox="0 0 24 24"
        width="24"
        xmlns="http://www.w3.org/2000/svg"
      >
        <circle
          cx="11"
          cy="11"
          r="8"
        />
        <path
          d="m21 21-4.3-4.3"
        />
      </svg>
      <span>
        Search or command...
      </span>
      <kbd
        class="ml-auto px-2 py-0.5 bg-slate-800 border border-slate-700 rounded text-xs"
      >
        Ctrl + K
      </kbd>
    </button>
  </div>
  <div
    class="flex items-center gap-3"
  >
    <button
      class="flex items-center gap-2 px-3 py-1.5 border rounded-lg hover:opacity-80 transition-opacity bg-blue-600/20 border-blue-500/30"
      title="Try new primitives UI"
    >
      <svg
        class="lucide lucide-sparkles w-4 h-4 text-blue-400"
        fill="none"
        height="24"
        stroke="currentColor"
        stroke-linecap="round"
        stroke-linejoin="round"
        stroke-width="2"
        viewBox="0 0 24 24"
        width="24"
        xmlns="http://www.w3.org/2000/svg"
      >
        <path
          d="M9.937 15.5A2 2 0 0 0 8.5 14.063l-6.135-1.582a.5.5 0 0 1 0-.962L8.5 9.936A2 2 0 0 0 9.937 8.5l1.582-6.135a.5.5 0 0 1 .963 0L14.063 8.5A2 2 0 0 0 15.5 9.937l6.135 1.581a.5.5 0 0 1 0 .964L15.5 14.063a2 2 0 0 0-1.437 1.437l-1.582 6.135a.5.5 0 0 1-.963 0z"
        />
        <path
          d="M20 3v4"
        />
        <path
          d="M22 5h-4"
        />
        <path
          d="M4 17v2"
        />
        <path
          d="M5 18H3"
        />
      </svg>
      <span
        class="text-sm font-medium text-blue-300"
      >
        New UI
      </span>
    </button>
    <button
      class="p-2 text-slate-400 hover:text-white hover:bg-slate-800 rounded-lg transition-colors"
      title="Refresh graph data"
    >
      <svg
        class="lucide lucide-refresh-cw w-5 h-5"
        fill="none"
        height="24"
        stroke="currentColor"
        stroke-linecap="round"
        stroke-linejoin="round"
        stroke-width="2"
        viewBox="0 0 24 24"
        width="24"
        xmlns="http://www.w3.org/2000/svg"
      >
        <path
          d="M3 12a9 9 0 0 1 9-9 9.75 9.75 0 0 1 6.74 2.74L21 8"
        />
        <path
          d="M21 3v5h-5"
        />
        <path
          d="M21 12a9 9 0 0 1-9 9 9.75 9.75 0 0 1-6.74-2.74L3 16"
        />
        <path
          d="M8 16H3v5"
        />
      </svg>
    </button>
    <div
      class="relative"
    >
      <div
        class="flex items-center gap-2 px-3 py-1.5 bg-purple-600/20 border border-purple-500/30 rounded-lg"
      >
        <svg
          class="lucide lucide-zap w-4 h-4 text-purple-400"
          fill="none"
          height="24"
          stroke="currentColor"
          stroke-linecap="round"
          stroke-linejoin="round"
          stroke-width="2"
          viewBox="0 0 24 24"
          width="24"
          xmlns="http://www.w3.org/2000/svg"
        >
          <path
            d="M4 14a1 1 0 0 1-.78-1.63l9.9-10.2a.5.5 0 0 1 .86.46l-1.92 6.02A1 1 0 0 0 13 10h7a1 1 0 0 1 .78 1.63l-9.9 10.2a.5.5 0 0 1-.86-.46l1.92-6.02A1 1 0 0 0 11 14z"
          />
        </svg>
        <span
          class="text-sm font-medium text-purple-300"
        >
          Pro
        </span>
      </div>
    </div>
    <div
      class="relative"
    >
      <button
        class="w-8 h-8 rounded-full bg-slate-800 hover:bg-slate-700 border border-slate-700 flex items-center justify-center transition-colors"
      >
        <svg
          class="lucide lucide-user w-4 h-4 text-slate-400"
          fill="none"
          height="24"
          stroke="currentColor"
          stroke-linecap="round"
          stroke-linejoin="round"
          stroke-width="2"
          viewBox="0 0 24 24"
          width="24"
          xmlns="http://www.w3.org/2000/svg"
        >
          <path
            d="M19 21v-2a4 4 0 0 0-4-4H9a4 4 0 0 0-4 4v2"
          />
          <circle
            cx="12"
            cy="7"
            r="4"
          />
        </svg>
      </button>
    </div>
  </div>
</header>
`;

exports[`Keimenon shell bars snapshots > matches console bar snapshot (collapsed and expanded) 1`] = `
<div
  class="h-8 border-t border-slate-800 bg-slate-950/95 backdrop-blur-sm flex items-center justify-between px-4 text-xs"
>
  <div
    class="flex items-center gap-4 text-slate-500"
  >
    <span>
      Ready
    </span>
    <span>
      •
    </span>
    <span>
      0 nodes, 0 edges
    </span>
    <span>
      •
    </span>
    <span
      class="text-red-400"
    >
      1
       error
    </span>
  </div>
  <div
    class="flex items-center gap-3"
  >
    <span
      class="text-slate-500"
    >
      Press \` to open console
    </span>
  </div>
</div>
`;

exports[`Keimenon shell bars snapshots > matches console bar snapshot (collapsed and expanded) 2`] = `
<div
  class="h-64 border-t border-slate-800 bg-slate-950/95 backdrop-blur-sm flex flex-col"
>
  <div
    class="h-10 border-b border-slate-800 flex items-center justify-between px-2"
  >
    <div
      class="flex items-center gap-1"
    >
      <button
        class="px-3 py-1.5 rounded text-sm flex items-center gap-2 transition-colors bg-slate-800 text-white"
      >
        <svg
          class="lucide lucide-terminal w-4 h-4"
          fill="none"
          height="24"
          stroke="currentColor"
          stroke-linecap="round"
          stroke-linejoin="round"
          stroke-width="2"
          viewBox="0 0 24 24"
          width="24"
          xmlns="http://www.w3.org/2000/svg"
        >
          <polyline
            points="4 17 10 11 4 5"
          />
          <line
            x1="12"
            x2="20"
            y1="19"
            y2="19"
          />
        </svg>
        Console
        <span
          class="px-1.5 py-0.5 bg-red-600/20 border border-red-500/30 rounded text-xs text-red-400"
        >
          1
        </span>
      </button>
      <button
        class="px-3 py-1.5 rounded text-sm flex items-center gap-2 transition-colors hover:bg-slate-800/50 text-slate-400"
      >
        <svg
          class="lucide lucide-clock w-4 h-4"
          fill="none"
          height="24"
          stroke="currentColor"
          stroke-linecap="round"
          stroke-linejoin="round"
          stroke-width="2"
          viewBox="0 0 24 24"
          width="24"
          xmlns="http://www.w3.org/2000/svg"
        >
          <circle
            cx="12"
            cy="12"
            r="10"
          />
          <polyline
            points="12 6 12 12 16 14"
          />
        </svg>
        Logs
        <span
          class="px-1.5 py-0.5 bg-blue-600/20 border border-blue-500/30 rounded text-xs text-blue-400"
        >
          1
        </span>
      </button>
      <button
        class="px-3 py-1.5 rounded text-sm flex items-center gap-2 transition-colors hover:bg-slate-800/50 text-slate-400"
      >
        <svg
          class="lucide lucide-activity w-4 h-4"
          fill="none"
          height="24"
          stroke="currentColor"
          stroke-linecap="round"
          stroke-linejoin="round"
          stroke-width="2"
          viewBox="0 0 24 24"
          width="24"
          xmlns="http://www.w3.org/2000/svg"
        >
          <path
            d="M22 12h-2.48a2 2 0 0 0-1.93 1.46l-2.35 8.36a.25.25 0 0 1-.48 0L9.24 2.18a.25.25 0 0 0-.48 0l-2.35 8.36A2 2 0 0 1 4.49 12H2"
          />
        </svg>
        Tasks
        <span
          class="px-1.5 py-0.5 bg-purple-600/20 border border-purple-500/30 rounded text-xs"
        >
          0
        </span>
      </button>
      <button
        class="px-3 py-1.5 rounded text-sm flex items-center gap-2 transition-colors hover:bg-slate-800/50 text-slate-400"
      >
        <svg
          class="lucide lucide-keyboard w-4 h-4"
          fill="none"
          height="24"
          stroke="currentColor"
          stroke-linecap="round"
          stroke-linejoin="round"
          stroke-width="2"
          viewBox="0 0 24 24"
          width="24"
          xmlns="http://www.w3.org/2000/svg"
        >
          <path
            d="M10 8h.01"
          />
          <path
            d="M12 12h.01"
          />
          <path
            d="M14 8h.01"
          />
          <path
            d="M16 12h.01"
          />
          <path
            d="M18 8h.01"
          />
          <path
            d="M6 8h.01"
          />
          <path
            d="M7 16h10"
          />
          <path
            d="M8 12h.01"
          />
          <rect
            height="16"
            rx="2"
            width="20"
            x="2"
            y="4"
          />
        </svg>
        Shortcuts
      </button>
    </div>
    <div
      class="flex items-center gap-2"
    >
      <button
        class="p-1.5 hover:bg-slate-800 rounded text-slate-400 hover:text-white transition-colors"
        title="Export as JSON"
      >
        <svg
          class="lucide lucide-download w-4 h-4"
          fill="none"
          height="24"
          stroke="currentColor"
          stroke-linecap="round"
          stroke-linejoin="round"
          stroke-width="2"
          viewBox="0 0 24 24"
          width="24"
          xmlns="http://www.w3.org/2000/svg"
        >
          <path
            d="M21 15v4a2 2 0 0 1-2 2H5a2 2 0 0 1-2-2v-4"
          />
          <polyline
            points="7 10 12 15 17 10"
          />
          <line
            x1="12"
            x2="12"
            y1="15"
            y2="3"
          />
        </svg>
      </button>
      <button
        class="p-1.5 hover:bg-slate-800 rounded text-slate-400 hover:text-red-400 transition-colors"
        title="Clear all"
      >
        <svg
          class="lucide lucide-trash2 w-4 h-4"
          fill="none"
          height="24"
          stroke="currentColor"
          stroke-linecap="round"
          stroke-linejoin="round"
          stroke-width="2"
          viewBox="0 0 24 24"
          width="24"
          xmlns="http://www.w3.org/2000/svg"
        >
          <path
            d="M3 6h18"
          />
          <path
            d="M19 6v14c0 1-1 2-2 2H7c-1 0-2-1-2-2V6"
          />
          <path
            d="M8 6V4c0-1 1-2 2-2h4c1 0 2 1 2 2v2"
          />
          <line
            x1="10"
            x2="10"
            y1="11"
            y2="17"
          />
          <line
            x1="14"
            x2="14"
            y1="11"
            y2="17"
          />
        </svg>
      </button>
    </div>
  </div>
  <div
    class="border-b border-slate-800 px-4 py-2 flex items-center gap-3 text-sm"
  >
    <svg
      class="lucide lucide-filter w-4 h-4 text-slate-500"
      fill="none"
      height="24"
      stroke="currentColor"
      stroke-linecap="round"
      stroke-linejoin="round"
      stroke-width="2"
      viewBox="0 0 24 24"
      width="24"
      xmlns="http://www.w3.org/2000/svg"
    >
      <polygon
        points="22 3 2 3 10 12.46 10 19 14 21 14 12.46 22 3"
      />
    </svg>
    <select
      class="bg-slate-800 border border-slate-700 rounded px-2 py-1 text-xs"
    >
      <option
        value="all"
      >
        All Domains
      </option>
      <option
        value="api"
      >
        API
      </option>
      <option
        value="import"
      >
        Import
      </option>
      <option
        value="analytics"
      >
        Analytics
      </option>
      <option
        value="ui"
      >
        UI
      </option>
      <option
        value="database"
      >
        Database
      </option>
      <option
        value="system"
      >
        System
      </option>
      <option
        value="jobs"
      >
        Jobs
      </option>
    </select>
    <select
      class="bg-slate-800 border border-slate-700 rounded px-2 py-1 text-xs"
    >
      <option
        value="all"
      >
        All Severities
      </option>
      <option
        value="error"
      >
        Errors
      </option>
      <option
        value="warn"
      >
        Warnings
      </option>
      <option
        value="info"
      >
        Info
      </option>
      <option
        value="debug"
      >
        Debug
      </option>
    </select>
    <input
      class="flex-1 bg-slate-800 border border-slate-700 rounded px-3 py-1 text-xs outline-none focus:border-purple-500"
      placeholder="Search errors..."
      type="text"
      value=""
    />
  </div>
  <div
    class="flex-1 overflow-y-auto"
  >
    <div
      class="p-4 font-mono text-sm space-y-3"
    >
      <div
        class="border-l-2 pl-3 py-2 border-red-500 bg-red-950/20"
      >
        <div
          class="flex items-start gap-2 mb-1"
        >
          <svg
            class="lucide lucide-circle-alert w-4 h-4 text-red-400 mt-0.5"
            fill="none"
            height="24"
            stroke="currentColor"
            stroke-linecap="round"
            stroke-linejoin="round"
            stroke-width="2"
            viewBox="0 0 24 24"
            width="24"
            xmlns="http://www.w3.org/2000/svg"
          >
            <circle
              cx="12"
              cy="12"
              r="10"
            />
            <line
              x1="12"
              x2="12"
              y1="8"
              y2="12"
            />
            <line
              x1="12"
              x2="12.01"
              y1="16"
              y2="16"
            />
          </svg>
          <div
            class="flex-1"
          >
            <div
              class="flex items-center gap-2"
            >
              <span
                class="text-xs text-slate-500"
              >
                4:00:00 PM
              </span>
              <span
                class="px-1.5 py-0.5 bg-slate-800 rounded text-xs text-slate-400"
              >
                import
              </span>
              <span
                class="text-xs text-slate-500"
              >
                jobs.run
              </span>
            </div>
            <p
              class="mt-1 text-white"
            >
              Import failed
            </p>
            <details
              class="mt-2"
            >
              <summary
                class="text-xs text-slate-400 cursor-pointer hover:text-white"
              >
                Metadata (
                1
                 items)
              </summary>
              <div
                class="mt-2 space-y-1"
              >
                <div
                  class="flex items-start gap-2 text-xs"
                >
                  <span
                    class="text-slate-500 font-medium min-w-[120px]"
                  >
                    stage
                    :
                  </span>
                  <span
                    class="text-slate-300 break-all"
                  >
                    parsing
                  </span>
                </div>
              </div>
            </details>
            <details
              class="mt-2"
            >
              <summary
                class="text-xs text-slate-400 cursor-pointer hover:text-white"
              >
                Stack trace
              </summary>
              <pre
                class="mt-1 text-xs text-slate-500 overflow-x-auto"
              >
                Error: Import failed
              </pre>
            </details>
          </div>
        </div>
      </div>
    </div>
  </div>
</div>
`;

exports[`Keimenon shell bars snapshots > matches toolbar snapshot in keimenon mode 1`] = `
<div
  class="min-h-[48px] border-b border-slate-800 bg-slate-900/50 backdrop-blur-sm flex items-center justify-between px-2 sm:px-3 gap-2 sm:gap-4"
>
  <div
    class="flex items-center gap-0.5 sm:gap-1"
  >
    <button
      class="p-1.5 sm:p-2 rounded transition-colors text-slate-400 hover:text-white hover:bg-slate-800 bg-slate-800 text-white shadow-inner"
      title="Toggle Navigator"
      type="button"
    >
      <svg
        class="lucide lucide-panel-left-close w-4 h-4"
        fill="none"
        height="24"
        stroke="currentColor"
        stroke-linecap="round"
        stroke-linejoin="round"
        stroke-width="2"
        viewBox="0 0 24 24"
        width="24"
        xmlns="http://www.w3.org/2000/svg"
      >
        <rect
          height="18"
          rx="2"
          width="18"
          x="3"
          y="3"
        />
        <path
          d="M9 3v18"
        />
        <path
          d="m16 15-3-3 3-3"
        />
      </svg>
    </button>
    <button
      class="p-1.5 sm:p-2 rounded transition-colors text-slate-400 hover:text-white hover:bg-slate-800 bg-slate-800 text-white shadow-inner"
      title="Toggle Inspector"
      type="button"
    >
      <svg
        class="lucide lucide-panel-right-close w-4 h-4"
        fill="none"
        height="24"
        stroke="currentColor"
        stroke-linecap="round"
        stroke-linejoin="round"
        stroke-width="2"
        viewBox="0 0 24 24"
        width="24"
        xmlns="http://www.w3.org/2000/svg"
      >
        <rect
          height="18"
          rx="2"
          width="18"
          x="3"
          y="3"
        />
        <path
          d="M15 3v18"
        />
        <path
          d="m8 9 3 3-3 3"
        />
      </svg>
    </button>
    <button
      class="p-1.5 sm:p-2 rounded transition-colors text-slate-400 hover:text-white hover:bg-slate-800 hidden sm:flex"
      title="Toggle Console"
      type="button"
    >
      <svg
        class="lucide lucide-square-terminal w-4 h-4"
        fill="none"
        height="24"
        stroke="currentColor"
        stroke-linecap="round"
        stroke-linejoin="round"
        stroke-width="2"
        viewBox="0 0 24 24"
        width="24"
        xmlns="http://www.w3.org/2000/svg"
      >
        <path
          d="m7 11 2-2-2-2"
        />
        <path
          d="M11 13h4"
        />
        <rect
          height="18"
          rx="2"
          ry="2"
          width="18"
          x="3"
          y="3"
        />
      </svg>
    </button>
  </div>
  <div
    class="hidden md:flex items-center gap-2 lg:gap-3"
  >
    <div
      class="flex items-center bg-slate-800/50 rounded-lg p-0.5 border border-slate-700/50 shadow-inner"
    >
      <button
        class="p-2 rounded-md transition-all text-slate-400 hover:text-white hover:bg-slate-800 disabled:opacity-40 disabled:cursor-not-allowed bg-slate-800 text-white shadow-inner border border-slate-700/60"
        title="Keimenon View"
        type="button"
      >
        <svg
          class="lucide lucide-grid3x3 w-4 h-4"
          fill="none"
          height="24"
          stroke="currentColor"
          stroke-linecap="round"
          stroke-linejoin="round"
          stroke-width="2"
          viewBox="0 0 24 24"
          width="24"
          xmlns="http://www.w3.org/2000/svg"
        >
          <rect
            height="18"
            rx="2"
            width="18"
            x="3"
            y="3"
          />
          <path
            d="M3 9h18"
          />
          <path
            d="M3 15h18"
          />
          <path
            d="M9 3v18"
          />
          <path
            d="M15 3v18"
          />
        </svg>
      </button>
      <button
        class="p-2 rounded-md transition-all text-slate-400 hover:text-white hover:bg-slate-800 disabled:opacity-40 disabled:cursor-not-allowed"
        title="Legacy Board View"
        type="button"
      >
        <svg
          class="lucide lucide-layers3 w-4 h-4"
          fill="none"
          height="24"
          stroke="currentColor"
          stroke-linecap="round"
          stroke-linejoin="round"
          stroke-width="2"
          viewBox="0 0 24 24"
          width="24"
          xmlns="http://www.w3.org/2000/svg"
        >
          <path
            d="m12.83 2.18a2 2 0 0 0-1.66 0L2.6 6.08a1 1 0 0 0 0 1.83l8.58 3.91a2 2 0 0 0 1.66 0l8.58-3.9a1 1 0 0 0 0-1.83Z"
          />
          <path
            d="m6.08 9.5-3.5 1.6a1 1 0 0 0 0 1.81l8.6 3.91a2 2 0 0 0 1.65 0l8.58-3.9a1 1 0 0 0 0-1.83l-3.5-1.59"
          />
          <path
            d="m6.08 14.5-3.5 1.6a1 1 0 0 0 0 1.81l8.6 3.91a2 2 0 0 0 1.65 0l8.58-3.9a1 1 0 0 0 0-1.83l-3.5-1.59"
          />
        </svg>
      </button>
      <button
        class="p-2 rounded-md transition-all text-slate-400 hover:text-white hover:bg-slate-800 disabled:opacity-40 disabled:cursor-not-allowed"
        title="Processing View"
        type="button"
      >
        <svg
          class="lucide lucide-activity w-4 h-4"
          fill="none"
          height="24"
          stroke="currentColor"
          stroke-linecap="round"
          stroke-linejoin="round"
          stroke-width="2"
          viewBox="0 0 24 24"
          width="24"
          xmlns="http://www.w3.org/2000/svg"
        >
          <path
            d="M22 12h-2.48a2 2 0 0 0-1.93 1.46l-2.35 8.36a.25.25 0 0 1-.48 0L9.24 2.18a.25.25 0 0 0-.48 0l-2.35 8.36A2 2 0 0 1 4.49 12H2"
          />
        </svg>
      </button>
      <button
        class="p-2 rounded-md transition-all text-slate-400 hover:text-white hover:bg-slate-800 disabled:opacity-40 disabled:cursor-not-allowed"
        title="Boards View"
        type="button"
      >
        <svg
          class="lucide lucide-layout-dashboard w-4 h-4"
          fill="none"
          height="24"
          stroke="currentColor"
          stroke-linecap="round"
          stroke-linejoin="round"
          stroke-width="2"
          viewBox="0 0 24 24"
          width="24"
          xmlns="http://www.w3.org/2000/svg"
        >
          <rect
            height="9"
            rx="1"
            width="7"
            x="3"
            y="3"
          />
          <rect
            height="5"
            rx="1"
            width="7"
            x="14"
            y="3"
          />
          <rect
            height="9"
            rx="1"
            width="7"
            x="14"
            y="12"
          />
          <rect
            height="5"
            rx="1"
            width="7"
            x="3"
            y="16"
          />
        </svg>
      </button>
    </div>
    <div
      class="w-px h-6 bg-slate-700"
    />
    <div
      class="flex items-center gap-1"
    >
      <button
        class="p-2 hover:bg-slate-800 rounded text-slate-400 hover:text-white transition-colors"
        title="Zoom In"
        type="button"
      >
        <svg
          class="lucide lucide-zoom-in w-4 h-4"
          fill="none"
          height="24"
          stroke="currentColor"
          stroke-linecap="round"
          stroke-linejoin="round"
          stroke-width="2"
          viewBox="0 0 24 24"
          width="24"
          xmlns="http://www.w3.org/2000/svg"
        >
          <circle
            cx="11"
            cy="11"
            r="8"
          />
          <line
            x1="21"
            x2="16.65"
            y1="21"
            y2="16.65"
          />
          <line
            x1="11"
            x2="11"
            y1="8"
            y2="14"
          />
          <line
            x1="8"
            x2="14"
            y1="11"
            y2="11"
          />
        </svg>
      </button>
      <button
        class="p-2 hover:bg-slate-800 rounded text-slate-400 hover:text-white transition-colors"
        title="Zoom Out"
        type="button"
      >
        <svg
          class="lucide lucide-zoom-out w-4 h-4"
          fill="none"
          height="24"
          stroke="currentColor"
          stroke-linecap="round"
          stroke-linejoin="round"
          stroke-width="2"
          viewBox="0 0 24 24"
          width="24"
          xmlns="http://www.w3.org/2000/svg"
        >
          <circle
            cx="11"
            cy="11"
            r="8"
          />
          <line
            x1="21"
            x2="16.65"
            y1="21"
            y2="16.65"
          />
          <line
            x1="8"
            x2="14"
            y1="11"
            y2="11"
          />
        </svg>
      </button>
      <button
        class="p-2 hover:bg-slate-800 rounded text-slate-400 hover:text-white transition-colors"
        title="Center View"
        type="button"
      >
        <svg
          class="lucide lucide-maximize2 w-4 h-4"
          fill="none"
          height="24"
          stroke="currentColor"
          stroke-linecap="round"
          stroke-linejoin="round"
          stroke-width="2"
          viewBox="0 0 24 24"
          width="24"
          xmlns="http://www.w3.org/2000/svg"
        >
          <polyline
            points="15 3 21 3 21 9"
          />
          <polyline
            points="9 21 3 21 3 15"
          />
          <line
            x1="21"
            x2="14"
            y1="3"
            y2="10"
          />
          <line
            x1="3"
            x2="10"
            y1="21"
            y2="14"
          />
        </svg>
      </button>
    </div>
    <div
      class="w-px h-6 bg-slate-700"
    />
    <div
      class="relative"
    >
      <button
        class="p-2 rounded transition-colors relative text-slate-400 hover:text-white hover:bg-slate-800"
        title="Filter by Source Role"
        type="button"
      >
        <svg
          class="lucide lucide-filter w-4 h-4"
          fill="none"
          height="24"
          stroke="currentColor"
          stroke-linecap="round"
          stroke-linejoin="round"
          stroke-width="2"
          viewBox="0 0 24 24"
          width="24"
          xmlns="http://www.w3.org/2000/svg"
        >
          <polygon
            points="22 3 2 3 10 12.46 10 19 14 21 14 12.46 22 3"
          />
        </svg>
      </button>
    </div>
  </div>
  <div
    class="flex items-center gap-2"
  >
    <div
      class="flex items-center bg-slate-800/50 rounded-lg p-0.5 border border-slate-700/50 shadow-inner"
    >
      <button
        class="p-2 rounded-md transition-all text-slate-400 hover:text-white hover:bg-slate-800 bg-slate-800 text-white shadow-inner border border-slate-700/60"
        title="Keimenon"
        type="button"
      >
        <svg
          class="lucide lucide-grid3x3 w-4 h-4"
          fill="none"
          height="24"
          stroke="currentColor"
          stroke-linecap="round"
          stroke-linejoin="round"
          stroke-width="2"
          viewBox="0 0 24 24"
          width="24"
          xmlns="http://www.w3.org/2000/svg"
        >
          <rect
            height="18"
            rx="2"
            width="18"
            x="3"
            y="3"
          />
          <path
            d="M3 9h18"
          />
          <path
            d="M3 15h18"
          />
          <path
            d="M9 3v18"
          />
          <path
            d="M15 3v18"
          />
        </svg>
      </button>
      <button
        class="p-2 rounded-md transition-all text-slate-400 hover:text-white hover:bg-slate-800"
        title="Dashboard"
        type="button"
      >
        <svg
          class="lucide lucide-layout-dashboard w-4 h-4"
          fill="none"
          height="24"
          stroke="currentColor"
          stroke-linecap="round"
          stroke-linejoin="round"
          stroke-width="2"
          viewBox="0 0 24 24"
          width="24"
          xmlns="http://www.w3.org/2000/svg"
        >
          <rect
            height="9"
            rx="1"
            width="7"
            x="3"
            y="3"
          />
          <rect
            height="5"
            rx="1"
            width="7"
            x="14"
            y="3"
          />
          <rect
            height="9"
            rx="1"
            width="7"
            x="14"
            y="12"
          />
          <rect
            height="5"
            rx="1"
            width="7"
            x="3"
            y="16"
          />
        </svg>
      </button>
      <button
        class="p-2 rounded-md transition-all text-slate-400 hover:text-white hover:bg-slate-800"
        title="Settings"
        type="button"
      >
        <svg
          class="lucide lucide-settings w-4 h-4"
          fill="none"
          height="24"
          stroke="currentColor"
          stroke-linecap="round"
          stroke-linejoin="round"
          stroke-width="2"
          viewBox="0 0 24 24"
          width="24"
          xmlns="http://www.w3.org/2000/svg"
        >
          <path
            d="M12.22 2h-.44a2 2 0 0 0-2 2v.18a2 2 0 0 1-1 1.73l-.43.25a2 2 0 0 1-2 0l-.15-.08a2 2 0 0 0-2.73.73l-.22.38a2 2 0 0 0 .73 2.73l.15.1a2 2 0 0 1 1 1.72v.51a2 2 0 0 1-1 1.74l-.15.09a2 2 0 0 0-.73 2.73l.22.38a2 2 0 0 0 2.73.73l.15-.08a2 2 0 0 1 2 0l.43.25a2 2 0 0 1 1 1.73V20a2 2 0 0 0 2 2h.44a2 2 0 0 0 2-2v-.18a2 2 0 0 1 1-1.73l.43-.25a2 2 0 0 1 2 0l.15.08a2 2 0 0 0 2.73-.73l.22-.39a2 2 0 0 0-.73-2.73l-.15-.08a2 2 0 0 1-1-1.74v-.5a2 2 0 0 1 1-1.74l.15-.09a2 2 0 0 0 .73-2.73l-.22-.38a2 2 0 0 0-2.73-.73l-.15.08a2 2 0 0 1-2 0l-.43-.25a2 2 0 0 1-1-1.73V4a2 2 0 0 0-2-2z"
          />
          <circle
            cx="12"
            cy="12"
            r="3"
          />
        </svg>
      </button>
    </div>
    <div
      class="w-px h-6 bg-slate-700"
    />
    <button
      class="p-2 hover:bg-slate-800 rounded text-slate-400 hover:text-white transition-colors"
      title="Upload Sources"
      type="button"
    >
      <svg
        class="lucide lucide-upload w-4 h-4"
        fill="none"
        height="24"
        stroke="currentColor"
        stroke-linecap="round"
        stroke-linejoin="round"
        stroke-width="2"
        viewBox="0 0 24 24"
        width="24"
        xmlns="http://www.w3.org/2000/svg"
      >
        <path
          d="M21 15v4a2 2 0 0 1-2 2H5a2 2 0 0 1-2-2v-4"
        />
        <polyline
          points="17 8 12 3 7 8"
        />
        <line
          x1="12"
          x2="12"
          y1="3"
          y2="15"
        />
      </svg>
    </button>
  </div>
</div>
`;
